Block(
	0: Assert(
		BinaryExpr(
			LHS: BinaryExpr(
				LHS: BinaryExpr(
					LHS: I64(Val: 42)
					Op: ·
					RHS: I64(Val: 2)
				)
				Op: ≤
				RHS: I64(Val: 84)
			)
			Op: ≤
			RHS: BinaryExpr(
				LHS: I64(Val: 85)
				Op: ·
				RHS: ParenExpr(
					X: BinaryExpr(
						LHS: I64(Val: 1)
						Op: +
						RHS: I64(Val: 1)
					)
				)
			)
		)
	)
	1: Assert(
		BinaryExpr(
			LHS: BinaryExpr(
				LHS: I64(Val: 5)
				Op: ·
				RHS: I64(Val: 5)
			)
			Op: =
			RHS: I64(Val: 25)
		)
	)
	
)