illegal | @
illegal | asdf
true | true
false | false
+ | +
- | -
· | *
· | ·
÷ | /
÷ | ÷
∧ | &
∧ | ∧
∨ | |
∨ | ∨
⟹ | =>
⟹ | ⟹
< | <
≤ | <=
≤ | ≤
= | =
≠ | #
≠ | ≠
> | >
≥ | >=
≥ | ≥
is | is
∈ | in
∈ | ∈
¬ | ~
¬ | ¬
( | (
[ | [
, | ,
] | ]
) | )
bool | bool
i64 | i64
f64 | f64
string | string
f64 literal | 13.37
i64 literal | 1000
i64 literal | 1000000
f64 literal | 1000.00
f64 literal | 1000.0001
illegal | 1000.0001.000
string literal | "asdf"
string literal | "\t\\\"\n"
illegal | "\q"
illegal | "asdf


illegal | "


EOF | EOF
