
.macro AssertViolated
    movq $___fmt_assert, %rdi
    movq $___filename, %rsi
    movq %rbx, %rdx
    movq $0, %rax
    call printf
    movq $1, %rdi
    movq $0, %rax
    call exit
.endm

	.section .text
	.global main
main:
	pushq %rbp
	movq %rsp, %rbp
	subq $17, %rsp
	movb $1, %al  # test-fixtures/input.l:2:12
	cmpb $1, %al  # test-fixtures/input.l:2:12
	setne %al  # test-fixtures/input.l:2:11
	movb %al, %al  # test-fixtures/input.l:2:10
	cmpb $1, %al  # test-fixtures/input.l:2:10
	setne %al  # test-fixtures/input.l:2:9
	movb %al, %al  # test-fixtures/input.l:2:9
	cmpb $1, %al  # test-fixtures/input.l:2:9
	je .L1  # test-fixtures/input.l:2:2
	movq $2, %rbx  # test-fixtures/input.l:2:2
	AssertViolated  # test-fixtures/input.l:2:2
.L1:
	movb $0, %al  # test-fixtures/input.l:3:12
	cmpb $1, %al  # test-fixtures/input.l:3:12
	setne %al  # test-fixtures/input.l:3:11
	movb %al, %al  # test-fixtures/input.l:3:10
	cmpb $1, %al  # test-fixtures/input.l:3:10
	setne %al  # test-fixtures/input.l:3:9
	movb %al, %al  # test-fixtures/input.l:3:9
	cmpb $1, %al  # test-fixtures/input.l:3:9
	je .L2  # test-fixtures/input.l:3:2
	movq $3, %rbx  # test-fixtures/input.l:3:2
	AssertViolated  # test-fixtures/input.l:3:2
.L2:
	movq $5, %rax  # test-fixtures/input.l:4:18
	movq $5, %rbx  # test-fixtures/input.l:4:18
	imulq %rbx, %rax  # test-fixtures/input.l:4:18
	pushq %rax  # test-fixtures/input.l:4:14
	movq $3, %rax  # test-fixtures/input.l:4:14
	popq %rbx  # test-fixtures/input.l:4:14
	addq %rbx, %rax  # test-fixtures/input.l:4:14
	movq %rax, %rax  # test-fixtures/input.l:4:14
	movq $1, %rbx  # test-fixtures/input.l:4:14
	subq %rbx, %rax  # test-fixtures/input.l:4:14
	pushq %rax  # test-fixtures/input.l:4:9
	movq $27, %rax  # test-fixtures/input.l:4:9
	popq %rbx  # test-fixtures/input.l:4:9
	cmpq %rbx, %rax  # test-fixtures/input.l:4:9
	sete %al  # test-fixtures/input.l:4:9
	movb %al, %al  # test-fixtures/input.l:4:9
	cmpb $1, %al  # test-fixtures/input.l:4:9
	je .L3  # test-fixtures/input.l:4:2
	movq $4, %rbx  # test-fixtures/input.l:4:2
	AssertViolated  # test-fixtures/input.l:4:2
.L3:
	movb $0, %al  # test-fixtures/input.l:5:9
	movb $1, %bl  # test-fixtures/input.l:5:9
	cmpb %bl, %al  # test-fixtures/input.l:5:9
	sete %al  # test-fixtures/input.l:5:9
	movb %al, %al  # test-fixtures/input.l:5:9
	movb $1, %bl  # test-fixtures/input.l:5:9
	orb %bl, %al  # test-fixtures/input.l:5:9
	movb %al, %al  # test-fixtures/input.l:5:9
	cmpb $1, %al  # test-fixtures/input.l:5:9
	je .L4  # test-fixtures/input.l:5:2
	movq $5, %rbx  # test-fixtures/input.l:5:2
	AssertViolated  # test-fixtures/input.l:5:2
.L4:
	movq $0, %rax  # test-fixtures/input.l:6:14
	movq $1, %rbx  # test-fixtures/input.l:6:14
	subq %rbx, %rax  # test-fixtures/input.l:6:14
	pushq %rax  # test-fixtures/input.l:6:9
	movq $1, %rax  # test-fixtures/input.l:6:9
	negq %rax  # test-fixtures/input.l:6:9
	movq %rax, %rax  # test-fixtures/input.l:6:9
	popq %rbx  # test-fixtures/input.l:6:9
	cmpq %rbx, %rax  # test-fixtures/input.l:6:9
	sete %al  # test-fixtures/input.l:6:9
	movb %al, %al  # test-fixtures/input.l:6:9
	cmpb $1, %al  # test-fixtures/input.l:6:9
	setne %al  # test-fixtures/input.l:6:9
	movb %al, %al  # test-fixtures/input.l:6:9
	movb $1, %bl  # test-fixtures/input.l:6:9
	orb %bl, %al  # test-fixtures/input.l:6:9
	movb %al, %al  # test-fixtures/input.l:6:9
	cmpb $1, %al  # test-fixtures/input.l:6:9
	je .L5  # test-fixtures/input.l:6:2
	movq $6, %rbx  # test-fixtures/input.l:6:2
	AssertViolated  # test-fixtures/input.l:6:2
.L5:
	movq $2, %rax  # test-fixtures/input.l:7:11
	movq $3, %rbx  # test-fixtures/input.l:7:11
	imulq %rbx, %rax  # test-fixtures/input.l:7:11
	movq %rax, -8(%rbp)  # test-fixtures/input.l:7:2
	movq -8(%rbp), %rax  # test-fixtures/input.l:8:11
	movq $3, %rbx  # test-fixtures/input.l:8:11
	imulq %rbx, %rax  # test-fixtures/input.l:8:11
	movq %rax, -16(%rbp)  # test-fixtures/input.l:8:2
	movq -8(%rbp), %rax  # test-fixtures/input.l:9:9
	movq $6, %rbx  # test-fixtures/input.l:9:9
	cmpq %rbx, %rax  # test-fixtures/input.l:9:9
	sete %al  # test-fixtures/input.l:9:9
	movb %al, %al  # test-fixtures/input.l:9:9
	cmpb $1, %al  # test-fixtures/input.l:9:9
	je .L6  # test-fixtures/input.l:9:2
	movq $9, %rbx  # test-fixtures/input.l:9:2
	AssertViolated  # test-fixtures/input.l:9:2
.L6:
	movq -8(%rbp), %rax  # test-fixtures/input.l:10:18
	movq $6, %rbx  # test-fixtures/input.l:10:18
	cmpq %rbx, %rax  # test-fixtures/input.l:10:18
	sete %al  # test-fixtures/input.l:10:18
	pushq %rax  # test-fixtures/input.l:10:11
	movb $1, %al  # test-fixtures/input.l:10:11
	popq %rbx  # test-fixtures/input.l:10:11
	andb %bl, %al  # test-fixtures/input.l:10:11
	movb %al, -17(%rbp)  # test-fixtures/input.l:10:2
	movb -17(%rbp), %al  # test-fixtures/input.l:11:9
	cmpb $1, %al  # test-fixtures/input.l:11:9
	je .L7  # test-fixtures/input.l:11:2
	movq $11, %rbx  # test-fixtures/input.l:11:2
	AssertViolated  # test-fixtures/input.l:11:2
.L7:
	movb $0, -17(%rbp)  # test-fixtures/input.l:12:2
	movb -17(%rbp), %al  # test-fixtures/input.l:13:10
	cmpb $1, %al  # test-fixtures/input.l:13:10
	setne %al  # test-fixtures/input.l:13:9
	movb %al, %al  # test-fixtures/input.l:13:9
	cmpb $1, %al  # test-fixtures/input.l:13:9
	je .L8  # test-fixtures/input.l:13:2
	movq $13, %rbx  # test-fixtures/input.l:13:2
	AssertViolated  # test-fixtures/input.l:13:2
.L8:
	movq $0, %rax
	leave
	ret

	.section .data
___fmt_assert: .string "%s:%d: assertion violated\n"
___filename:   .string "test-fixtures/input.l"
